[run 20260923T175524Z] Modell=z-ai/glm-5.2 (main) Versionen=['v1_baseline', 'v2_begruendung', 'v3_thinking', 'v4_fewshot', 'v5_rubrik'] Concurrency=6
  Datensatz: 5 Fragen, 35 Antworten -> 525 Modellaufrufe
  Fortsetzung: 0 Aufrufe vorhanden, 525 offen
  Ausgabe: results/raw_real/run3/grading_main.jsonl
  25/525 Aufrufe (Parse-Fehler: 0, API-Fehler: 0)
  50/525 Aufrufe (Parse-Fehler: 0, API-Fehler: 0)
  75/525 Aufrufe (Parse-Fehler: 0, API-Fehler: 0)
  100/525 Aufrufe (Parse-Fehler: 0, API-Fehler: 0)
  125/525 Aufrufe (Parse-Fehler: 0, API-Fehler: 0)
  150/525 Aufrufe (Parse-Fehler: 0, API-Fehler: 0)
  175/525 Aufrufe (Parse-Fehler: 0, API-Fehler: 0)
  200/525 Aufrufe (Parse-Fehler: 0, API-Fehler: 0)
  225/525 Aufrufe (Parse-Fehler: 0, API-Fehler: 0)
  250/525 Aufrufe (Parse-Fehler: 0, API-Fehler: 0)
  275/525 Aufrufe (Parse-Fehler: 0, API-Fehler: 0)
  300/525 Aufrufe (Parse-Fehler: 0, API-Fehler: 0)
  325/525 Aufrufe (Parse-Fehler: 0, API-Fehler: 0)
  350/525 Aufrufe (Parse-Fehler: 0, API-Fehler: 0)
  375/525 Aufrufe (Parse-Fehler: 0, API-Fehler: 0)
  400/525 Aufrufe (Parse-Fehler: 0, API-Fehler: 0)
  425/525 Aufrufe (Parse-Fehler: 0, API-Fehler: 0)
  450/525 Aufrufe (Parse-Fehler: 1, API-Fehler: 0)
  475/525 Aufrufe (Parse-Fehler: 1, API-Fehler: 0)
  500/525 Aufrufe (Parse-Fehler: 1, API-Fehler: 0)
  525/525 Aufrufe (Parse-Fehler: 2, API-Fehler: 0)
--- fertig ---
  Aufrufe: 525, Parse-Fehler: 2, API-Fehler: 0
  Tokens: prompt=367210, completion=190357, reasoning=136182
  Ergebnisdatei: results/raw_real/run3/grading_main.jsonl
[run 20260924T051758Z] Modell=z-ai/glm-5.2 (main) Versionen=['v1_baseline', 'v2_begruendung', 'v3_thinking', 'v4_fewshot', 'v5_rubrik'] Concurrency=6
  Datensatz: 5 Fragen, 35 Antworten -> 525 Modellaufrufe
  Fortsetzung: 525 Aufrufe vorhanden, 0 offen
  Ausgabe: results/raw_real/run3/grading_main.jsonl
--- fertig --- nichts nachzuholen
[run 20260924T052218Z] Modell=z-ai/glm-5.2 (main) Versionen=['v1_baseline', 'v2_begruendung', 'v3_thinking', 'v4_fewshot', 'v5_rubrik'] Concurrency=6
  Datensatz: 5 Fragen, 35 Antworten -> 525 Modellaufrufe
  Fortsetzung: 525 Aufrufe vorhanden, 0 offen
  Ausgabe: results/raw_real/run3/grading_main.jsonl
--- fertig --- nichts nachzuholen
[run 20260924T053404Z] Modell=z-ai/glm-5.2 (main) Versionen=['v1_baseline', 'v2_begruendung', 'v3_thinking', 'v4_fewshot', 'v5_rubrik'] Concurrency=6
  Datensatz: 5 Fragen, 35 Antworten -> 525 Modellaufrufe
  Fortsetzung: 525 Aufrufe vorhanden, 0 offen
  Ausgabe: results/raw_real/run3/grading_main.jsonl
--- fertig --- nichts nachzuholen
[run 20260924T065339Z] Modell=z-ai/glm-5.2 (main) Versionen=['v1_baseline', 'v2_begruendung', 'v3_thinking', 'v4_fewshot', 'v5_rubrik'] Concurrency=6
  Datensatz: 5 Fragen, 35 Antworten -> 525 Modellaufrufe
  Fortsetzung: 525 Aufrufe vorhanden, 0 offen
  Ausgabe: results/raw_real/run3/grading_main.jsonl
--- fertig --- nichts nachzuholen
